// Jest Snapshot v1, https://goo.gl/fbAQLP

exports[`App Snapshot Verify the component App UI 1`] = `
Array [
  <h1>
    Products ðŸš—
  </h1>,
  <div
    className="Card-List"
  />,
  "",
]
`;
